// Jest Snapshot v1, https://goo.gl/fbAQLP

exports[`Debugging Support should emit the elasticsearch query to console with debug mode: ES Request logging 1`] = `
"{"index":"imdb_movies"}
{"aggs":{"type":{"terms":{"field":"type","size":10}},"actors":{"terms":{"field":"actors.keyword","size":10}},"rated":{"terms":{"field":"rated","size":10}}},"query":{"bool":{"filter":[{"bool":{"should":[{"term":{"type":"movie"}}]}}],"must":{"bool":{"should":[{"bool":{"should":[{"multi_match":{"query":"shawshank","fields":["title","actors","query"],"fuzziness":"AUTO:4,8"}},{"multi_match":{"query":"shawshank","fields":["title","actors","query"],"type":"bool_prefix"}}]}},{"multi_match":{"query":"shawshank","type":"phrase","fields":["title","actors","query"]}}]}}}},"size":20,"from":0,"_source":{"includes":["title","actors","query"]},"highlight":{"pre_tags":["<em>"],"post_tags":["</em>"],"fields":{"title":{"number_of_fragments":0},"actors":{"number_of_fragments":0}}}}
{"index":"imdb_movies"}
{"aggs":{"type":{"terms":{"field":"type","size":10}}},"query":{"bool":{"filter":[],"must":{"bool":{"should":[{"bool":{"should":[{"multi_match":{"query":"shawshank","fields":["title","actors","query"],"fuzziness":"AUTO:4,8"}},{"multi_match":{"query":"shawshank","fields":["title","actors","query"],"type":"bool_prefix"}}]}},{"multi_match":{"query":"shawshank","type":"phrase","fields":["title","actors","query"]}}]}}}},"size":1,"from":0,"_source":{"includes":["title","actors","query"]},"highlight":{"pre_tags":["<em>"],"post_tags":["</em>"],"fields":{"title":{"number_of_fragments":0},"actors":{"number_of_fragments":0}}}}
"
`;
