// Jest Snapshot v1, https://goo.gl/fbAQLP

exports[`Integration tests for query rules call with one filter and query applied 1`] = `
{
  "results": [
    {
      "appliedRules": [
        "1",
      ],
      "exhaustive": {
        "facetsCount": true,
        "nbHits": true,
        "typo": true,
      },
      "exhaustiveFacetsCount": true,
      "exhaustiveNbHits": true,
      "exhaustiveTypo": true,
      "facets": {
        "actors": {
          "Bob Gunton": 1,
          "Morgan Freeman": 1,
          "Tim Robbins": 1,
          "William Sadler": 1,
        },
        "rated": {
          "R": 1,
        },
        "type": {
          "movie": 1,
        },
      },
      "facets_stats": {},
      "hits": [
        {
          "_highlightResult": {
            "actors": [
              {
                "matchLevel": "none",
                "matchedWords": [],
                "value": "Tim Robbins",
              },
              {
                "matchLevel": "none",
                "matchedWords": [],
                "value": "Morgan Freeman",
              },
              {
                "matchLevel": "none",
                "matchedWords": [],
                "value": "Bob Gunton",
              },
              {
                "matchLevel": "none",
                "matchedWords": [],
                "value": "William Sadler",
              },
            ],
            "title": {
              "fullyHighlighted": false,
              "matchLevel": "full",
              "matchedWords": [
                "Shawshank",
              ],
              "value": "The <em>Shawshank</em> Redemption",
            },
          },
          "actors": [
            "Tim Robbins",
            "Morgan Freeman",
            "Bob Gunton",
            "William Sadler",
          ],
          "objectID": "tt0111161",
          "title": "The Shawshank Redemption",
        },
      ],
      "hitsPerPage": 20,
      "index": "imdb_movies",
      "nbHits": 1,
      "nbPages": 1,
      "page": 0,
      "params": "facetFilters=&facets=*&highlightPostTag=%3C%2Fem%3E&highlightPreTag=%3Cem%3E&maxValuesPerFacet=10&page=0&query=shawshank&tagFilters=",
      "processingTimeMS": 2,
      "query": "shawshank",
      "renderingContent": {
        "facetOrdering": {
          "facets": {
            "order": [
              "type",
              "actors",
            ],
          },
          "values": {
            "actors": {
              "sortRemainingBy": "count",
            },
            "type": {
              "sortRemainingBy": "count",
            },
          },
        },
      },
      "userData": [
        {
          "title": "Movies",
        },
      ],
    },
    {
      "appliedRules": [
        "1",
      ],
      "exhaustive": {
        "facetsCount": true,
        "nbHits": true,
        "typo": true,
      },
      "exhaustiveFacetsCount": true,
      "exhaustiveNbHits": true,
      "exhaustiveTypo": true,
      "facets": {
        "type": {
          "movie": 1,
        },
      },
      "facets_stats": {},
      "hits": [
        {
          "_highlightResult": {
            "actors": [
              {
                "matchLevel": "none",
                "matchedWords": [],
                "value": "Tim Robbins",
              },
              {
                "matchLevel": "none",
                "matchedWords": [],
                "value": "Morgan Freeman",
              },
              {
                "matchLevel": "none",
                "matchedWords": [],
                "value": "Bob Gunton",
              },
              {
                "matchLevel": "none",
                "matchedWords": [],
                "value": "William Sadler",
              },
            ],
            "title": {
              "fullyHighlighted": false,
              "matchLevel": "full",
              "matchedWords": [
                "Shawshank",
              ],
              "value": "The <em>Shawshank</em> Redemption",
            },
          },
          "actors": [
            "Tim Robbins",
            "Morgan Freeman",
            "Bob Gunton",
            "William Sadler",
          ],
          "objectID": "tt0111161",
          "title": "The Shawshank Redemption",
        },
      ],
      "hitsPerPage": 1,
      "index": "imdb_movies",
      "nbHits": 1,
      "nbPages": 1,
      "page": 0,
      "params": "analytics=false&clickAnalytics=false&facets=type&highlightPostTag=%3C%2Fem%3E&highlightPreTag=%3Cem%3E&hitsPerPage=1&maxValuesPerFacet=10&page=0&query=shawshank&tagFilters=",
      "processingTimeMS": 2,
      "query": "shawshank",
      "renderingContent": {
        "facetOrdering": {
          "facets": {
            "order": [
              "type",
              "actors",
            ],
          },
          "values": {
            "actors": {
              "sortRemainingBy": "count",
            },
            "type": {
              "sortRemainingBy": "count",
            },
          },
        },
      },
      "userData": [
        {
          "title": "Movies",
        },
      ],
    },
  ],
}
`;

exports[`Integration tests for query rules call with one filter and query applied: ES Request 1`] = `
"{"index":"imdb_movies"}
{"aggs":{"type":{"terms":{"field":"type","size":10}},"actors":{"terms":{"field":"actors.keyword","size":10}}},"query":{"bool":{"filter":[{"bool":{"should":[{"term":{"type":"movie"}}]}}],"must":{"function_score":{"query":{"pinned":{"ids":["1"],"organic":{"bool":{"should":[{"bool":{"should":[{"multi_match":{"query":"shawshank","fields":["title","actors","query"],"fuzziness":"AUTO:4,8"}},{"multi_match":{"query":"shawshank","fields":["title","actors","query"],"type":"bool_prefix"}}]}},{"multi_match":{"query":"shawshank","type":"phrase","fields":["title","actors","query"]}}]}}}},"functions":[]}}}},"size":20,"from":0,"_source":{"includes":["title","actors","query"]},"highlight":{"pre_tags":["<em>"],"post_tags":["</em>"],"fields":{"title":{"number_of_fragments":0},"actors":{"number_of_fragments":0}}}}
{"index":"imdb_movies"}
{"aggs":{"type":{"terms":{"field":"type","size":10}}},"query":{"bool":{"filter":[],"must":{"function_score":{"query":{"pinned":{"ids":["1"],"organic":{"bool":{"should":[{"bool":{"should":[{"multi_match":{"query":"shawshank","fields":["title","actors","query"],"fuzziness":"AUTO:4,8"}},{"multi_match":{"query":"shawshank","fields":["title","actors","query"],"type":"bool_prefix"}}]}},{"multi_match":{"query":"shawshank","type":"phrase","fields":["title","actors","query"]}}]}}}},"functions":[]}}}},"size":1,"from":0,"_source":{"includes":["title","actors","query"]},"highlight":{"pre_tags":["<em>"],"post_tags":["</em>"],"fields":{"title":{"number_of_fragments":0},"actors":{"number_of_fragments":0}}}}
"
`;
