// Jest Snapshot v1, https://goo.gl/fbAQLP

exports[`Custom Facets and Filters use the custom filter when specified 2`] = `
{
  "results": [
    {
      "appliedRules": [],
      "exhaustive": {
        "facetsCount": true,
        "nbHits": true,
        "typo": true,
      },
      "exhaustiveFacetsCount": true,
      "exhaustiveNbHits": true,
      "exhaustiveTypo": true,
      "facets": {
        "actors": {
          "Bob Gunton": 1,
          "Morgan Freeman": 1,
          "Tim Robbins": 1,
          "William Sadler": 1,
        },
        "rated": {
          "R": 1,
        },
        "type": {
          "movie": 1,
        },
      },
      "facets_stats": {},
      "hits": [
        {
          "_highlightResult": {
            "actors": [
              {
                "matchLevel": "none",
                "matchedWords": [],
                "value": "Tim Robbins",
              },
              {
                "matchLevel": "none",
                "matchedWords": [],
                "value": "Morgan Freeman",
              },
              {
                "matchLevel": "none",
                "matchedWords": [],
                "value": "Bob Gunton",
              },
              {
                "matchLevel": "none",
                "matchedWords": [],
                "value": "William Sadler",
              },
            ],
            "title": {
              "fullyHighlighted": false,
              "matchLevel": "full",
              "matchedWords": [
                "Shawshank",
              ],
              "value": "The <em>Shawshank</em> Redemption",
            },
          },
          "actors": [
            "Tim Robbins",
            "Morgan Freeman",
            "Bob Gunton",
            "William Sadler",
          ],
          "objectID": "tt0111161",
          "title": "The Shawshank Redemption",
        },
      ],
      "hitsPerPage": 20,
      "index": "imdb_movies",
      "nbHits": 1,
      "nbPages": 1,
      "page": 0,
      "params": "facetFilters=actors%3ATom+Hanks%2Cwriters%3AQuentin+Tarantino&facets=*&highlightPostTag=%3C%2Fem%3E&highlightPreTag=%3Cem%3E&maxValuesPerFacet=10&page=0&query=&tagFilters=",
      "processingTimeMS": 2,
      "query": "",
      "renderingContent": {
        "facetOrdering": {
          "facets": {
            "order": [
              "actors",
            ],
          },
          "values": {
            "actors": {
              "sortRemainingBy": "count",
            },
          },
        },
      },
    },
    {
      "appliedRules": [],
      "exhaustive": {
        "facetsCount": true,
        "nbHits": true,
        "typo": true,
      },
      "exhaustiveFacetsCount": true,
      "exhaustiveNbHits": true,
      "exhaustiveTypo": true,
      "facets": {
        "type": {
          "movie": 1,
        },
      },
      "facets_stats": {},
      "hits": [
        {
          "_highlightResult": {
            "actors": [
              {
                "matchLevel": "none",
                "matchedWords": [],
                "value": "Tim Robbins",
              },
              {
                "matchLevel": "none",
                "matchedWords": [],
                "value": "Morgan Freeman",
              },
              {
                "matchLevel": "none",
                "matchedWords": [],
                "value": "Bob Gunton",
              },
              {
                "matchLevel": "none",
                "matchedWords": [],
                "value": "William Sadler",
              },
            ],
            "title": {
              "fullyHighlighted": false,
              "matchLevel": "full",
              "matchedWords": [
                "Shawshank",
              ],
              "value": "The <em>Shawshank</em> Redemption",
            },
          },
          "actors": [
            "Tim Robbins",
            "Morgan Freeman",
            "Bob Gunton",
            "William Sadler",
          ],
          "objectID": "tt0111161",
          "title": "The Shawshank Redemption",
        },
      ],
      "hitsPerPage": 1,
      "index": "imdb_movies",
      "nbHits": 1,
      "nbPages": 1,
      "page": 0,
      "params": "analytics=false&attributesToHighlight=&attributesToRetrieve=&attributesToSnippet=&clickAnalytics=false&facets=type&highlightPostTag=%3C%2Fem%3E&highlightPreTag=%3Cem%3E&hitsPerPage=1&maxValuesPerFacet=10&page=0&query=&tagFilters=&facetFilters=actors%3ATom+Hanks%2Cwriters%3AQuentin+Tarantino",
      "processingTimeMS": 2,
      "query": "",
      "renderingContent": {
        "facetOrdering": {
          "facets": {
            "order": [
              "actors",
            ],
          },
          "values": {
            "actors": {
              "sortRemainingBy": "count",
            },
          },
        },
      },
    },
  ],
}
`;

exports[`Custom Facets and Filters use the custom filter when specified: ES Request 1`] = `
"{"index":"imdb_movies"}
{"aggs":{"actors":{"significant_terms":{"field":"actors.keyword","size":10}}},"query":{"bool":{"filter":[{"match":{"actors.keyword":"Tom Hanks"}},{"match":{"writers":"Quentin Tarantino"}}],"must":{"match_all":{}}}},"size":20,"from":0,"_source":{"includes":["title","actors","query"]},"highlight":{"pre_tags":["<em>"],"post_tags":["</em>"],"fields":{"title":{"number_of_fragments":0},"actors":{"number_of_fragments":0}}}}
{"index":"imdb_movies"}
{"aggs":null,"query":{"bool":{"filter":[{"match":{"actors.keyword":"Tom Hanks"}},{"match":{"writers":"Quentin Tarantino"}}],"must":{"match_all":{}}}},"size":1,"from":0,"_source":{"includes":["title","actors","query"]},"highlight":{"pre_tags":["<em>"],"post_tags":["</em>"],"fields":{"title":{"number_of_fragments":0},"actors":{"number_of_fragments":0}}}}
"
`;
