// Jest Snapshot v1, https://goo.gl/fbAQLP

exports[`Nested Filters Numeric nested filter with 2 numeric filters 1`] = `
{
  "results": [
    {
      "appliedRules": [],
      "exhaustive": {
        "facetsCount": true,
        "nbHits": true,
        "typo": true,
      },
      "exhaustiveFacetsCount": true,
      "exhaustiveNbHits": true,
      "exhaustiveTypo": true,
      "facets": {
        "user.first": {
          "Alice": 1,
          "John": 2,
          "Smith": 1,
        },
      },
      "facets_stats": {},
      "hits": [
        {
          "_highlightResult": {},
          "objectID": "1",
        },
        {
          "_highlightResult": {},
          "objectID": "2",
        },
      ],
      "hitsPerPage": 20,
      "index": "imdb_movies",
      "nbHits": 2,
      "nbPages": 1,
      "page": 0,
      "params": "facetFilters=&facets=*&highlightPostTag=%3C%2Fem%3E&highlightPreTag=%3Cem%3E&maxValuesPerFacet=10&page=0&query=&tagFilters=&numericFilters=user.price%3E%3D40%2Cuser.price%3C%3D140",
      "processingTimeMS": 1,
      "query": "",
      "renderingContent": {
        "facetOrdering": {
          "facets": {
            "order": [
              "user.price",
            ],
          },
          "values": {
            "user.price": {
              "sortRemainingBy": "count",
            },
          },
        },
      },
    },
  ],
}
`;

exports[`Nested Filters Numeric nested filter with 2 numeric filters: ES Request 1`] = `
"{"index":"imdb_movies"}
{"aggs":{"user.":{"nested":{"path":"user"},"aggs":{"user.price$_stats":{"stats":{"field":"user.price"}},"user.price$_entries":{"terms":{"field":"user.price","size":10}}}}},"query":{"bool":{"filter":[{"nested":{"path":"user","inner_hits":{},"query":{"bool":{"filter":[{"range":{"user.price":{"gte":"40"}}},{"range":{"user.price":{"lte":"140"}}}]}}}}],"must":{"match_all":{}}}},"size":20,"from":0,"_source":{"includes":["title"]},"highlight":{"pre_tags":["<em>"],"post_tags":["</em>"],"fields":{"title":{"number_of_fragments":0}}}}
"
`;
