// Jest Snapshot v1, https://goo.gl/fbAQLP

exports[`Integration tests for runtime mapping fields call with one filter and query applied 1`] = `
{
  "results": [
    {
      "appliedRules": [],
      "exhaustive": {
        "facetsCount": true,
        "nbHits": true,
        "typo": true,
      },
      "exhaustiveFacetsCount": true,
      "exhaustiveNbHits": true,
      "exhaustiveTypo": true,
      "hits": [
        {
          "_index": "imdb_movies",
          "_score": 7.637228,
          "actors": [
            "Tim Robbins",
            "Morgan Freeman",
            "Bob Gunton",
            "William Sadler",
          ],
          "objectID": "tt0111161",
          "rated": [
            "R",
          ],
          "title": "The Shawshank Redemption",
        },
      ],
      "hitsPerPage": 20,
      "index": "imdb_movies",
      "nbHits": 1,
      "nbPages": 1,
      "page": 0,
      "params": "facetFilters=type%3Amovie&facets=*&highlightPostTag=%3C%2Fem%3E&highlightPreTag=%3Cem%3E&maxValuesPerFacet=10&page=0&query=shawshank&tagFilters=",
      "processingTimeMS": 2,
      "query": "shawshank",
      "renderingContent": {
        "facetOrdering": {
          "facets": {
            "order": [],
          },
          "values": undefined,
        },
      },
    },
  ],
}
`;

exports[`Integration tests for runtime mapping fields call with one filter and query applied: ES Request 1`] = `
"{"index":"imdb_movies"}
{"aggs":{},"query":{"bool":{"filter":[{"bool":{"should":[{"term":{"type":"movie"}}]}}],"must":{"bool":{"should":[{"bool":{"should":[{"multi_match":{"query":"shawshank","fields":["rating"],"fuzziness":"AUTO:4,8"}},{"multi_match":{"query":"shawshank","fields":["rating"],"type":"bool_prefix"}}]}},{"multi_match":{"query":"shawshank","type":"phrase","fields":["rating"]}}]}}}},"size":20,"from":0,"_source":{"includes":["rating"]},"fields":["rating"],"runtime_mappings":{"rating":{"type":"keyword","script":{"source":"emit(doc['rated'].size()>0 ? doc['rated'].value : '')"}}}}
"
`;
