// Jest Snapshot v1, https://goo.gl/fbAQLP

exports[`RangeSlider should render and behave correctly 1`] = `
<div class="sk-range-slider">
  <div class="rc-slider rc-slider-with-marks">
    <div class="rc-slider-rail"></div>
    <div class="rc-slider-track rc-slider-track-1" style="left: 20%; width: 30%;"></div>
    <div class="rc-slider-step"><span class="rc-slider-dot" style="left: 0%;"></span><span class="rc-slider-dot" style="left: 100%;"></span></div>
    <div role="slider" tabindex="0" aria-valuemin="0" aria-valuemax="10" aria-valuenow="2" aria-disabled="false" class="rc-slider-handle rc-slider-handle-1"
      style="left: 20%;"></div>
    <div role="slider" tabindex="0" aria-valuemin="0" aria-valuemax="10" aria-valuenow="5" aria-disabled="false" class="rc-slider-handle rc-slider-handle-2" style="left: 50%;"></div>
    <div class="rc-slider-mark"><span class="rc-slider-mark-text" style="width: 90%; margin-left: -45%; left: 0%;">0</span><span class="rc-slider-mark-text" style="width: 90%; margin-left: -45%; left: 100%;">10</span></div>
  </div>
</div>
`;
