// Jest Snapshot v1, https://goo.gl/fbAQLP

exports[`InputFilter tests render 1`] = `
<div class="sk-panel filter--test_id is-disabled">
  <div class="sk-panel__header is-disabled">Test title</div>
  <div class="sk-panel__content is-disabled">
    <div class="sk-input-filter">
      <form>
        <div class="sk-input-filter__icon"></div><input type="text" data-qa="input-filter" class="sk-input-filter__text" placeholder="search placeholder" value=""><input type="submit" class="sk-input-filter__action" data-qa="submit" value="submit">
        <div data-qa="remove" class="sk-input-filter__remove is-hidden"></div>
      </form>
    </div>
  </div>
</div>
`;

exports[`InputFilter tests should allow custom mod and className 1`] = `
<div class="sk-panel filter--test_id">
  <div class="sk-panel__header">Test title</div>
  <div class="sk-panel__content">
    <div class="my-input">
      <form>
        <div class="my-input__icon"></div><input type="text" data-qa="input-filter" class="my-input__text" placeholder="search placeholder" value=""><input type="submit" class="my-input__action" data-qa="submit" value="submit">
        <div data-qa="remove" class="my-input__remove is-hidden"></div>
      </form>
    </div>
  </div>
</div>
`;
