// Jest Snapshot v1, https://goo.gl/fbAQLP

exports[`GeoDistanceOptionsFacet range of value, min-max range facets 2`] = `
Object {
  "facets": Array [
    Object {
      "display": "ListFacet",
      "entries": Array [
        Object {
          "count": 29,
          "label": "0 - 1000",
        },
        Object {
          "count": 42,
          "label": "0 - 2000",
        },
        Object {
          "count": 13,
          "label": "1000 - 2000",
        },
      ],
      "identifier": "location",
      "label": "location",
      "type": "GeoDistanceOptionsFacet",
    },
  ],
  "hits": Object {
    "items": Array [],
    "page": Object {
      "from": 0,
      "pageNumber": NaN,
      "size": 0,
      "total": 42,
      "totalPages": Infinity,
    },
  },
  "sortedBy": undefined,
  "summary": Object {
    "appliedFilters": Array [
      Object {
        "display": "ListFacet",
        "id": "location_0 - 2000",
        "identifier": "location",
        "label": "location",
        "type": "GeoDistanceOptionsFacet",
        "value": "0 - 2000",
      },
    ],
    "disabledFilters": Array [],
    "query": "",
    "sortOptions": Array [],
    "total": 42,
  },
}
`;
