// Jest Snapshot v1, https://goo.gl/fbAQLP

exports[`NumericRangeFilter Combination of min and max number filters 2`] = `
Object {
  "facets": Array [],
  "items": Array [],
  "page": Object {
    "from": 0,
    "pageNumber": NaN,
    "size": 0,
    "total": 4162,
    "totalPages": Infinity,
  },
  "sortedBy": undefined,
  "summary": Object {
    "appliedFilters": Array [
      Object {
        "display": "TermFilter",
        "id": "type_movie",
        "identifier": "type",
        "label": "type",
        "type": "ValueSelectedFilter",
        "value": "movie",
      },
    ],
    "disabledFilters": Array [],
    "query": "",
    "sortOptions": Array [],
    "total": 4162,
  },
}
`;
